#
# There is insufficient memory for the Java Runtime Environment to continue.
# Native memory allocation (malloc) failed to allocate 1968536 bytes. Error detail: Chunk::new
# Possible reasons:
#   The system is out of physical RAM or swap space
#   This process is running with CompressedOops enabled, and the Java Heap may be blocking the growth of the native heap
# Possible solutions:
#   Reduce memory load on the system
#   Increase physical memory or swap space
#   Check if swap backing store is full
#   Decrease Java heap size (-Xmx/-Xms)
#   Decrease number of Java threads
#   Decrease Java thread stack sizes (-Xss)
#   Set larger code cache with -XX:ReservedCodeCacheSize=
#   JVM is running with Unscaled Compressed Oops mode in which the Java heap is
#     placed in the first 4GB address space. The Java Heap base address is the
#     maximum limit for the native heap growth. Please use -XX:HeapBaseMinAddress
#     to set the Java Heap base and to place the Java Heap above 4GB virtual address.
# This output file may be truncated or incomplete.
#
#  Out of Memory Error (arena.cpp:186), pid=37324, tid=25444
#
# JRE version: OpenJDK Runtime Environment Temurin-25.0.1+8 (25.0.1+8) (build 25.0.1+8-LTS)
# Java VM: OpenJDK 64-Bit Server VM Temurin-25.0.1+8 (25.0.1+8-LTS, mixed mode, tiered, compressed oops, compressed class ptrs, g1 gc, windows-amd64)
# No core dump will be written. Minidumps are not enabled by default on client versions of Windows
#

---------------  S U M M A R Y ------------

Command Line: -Dfile.encoding=UTF-8 Skyline_tickets.Probarview

Host: 12th Gen Intel(R) Core(TM) i5-12450HX, 12 cores, 7G,  Windows 11 , 64 bit Build 26100 (10.0.26100.8875)
Time: Fri Aug  7 22:50:37 2026 Hora est. Pacífico, Sudamérica elapsed time: 8.421185 seconds (0d 0h 0m 8s)

---------------  T H R E A D  ---------------

Current thread (0x000001deee452720):  JavaThread "C2 CompilerThread0" daemon [_thread_in_native, id=25444, stack(0x000000c11c000000,0x000000c11c100000) (1024K)]


Current CompileTask:
C2:8421  667 % !   4       sun.awt.image.PNGImageDecoder::produceImage @ 960 (1917 bytes)

Stack: [0x000000c11c000000,0x000000c11c100000]
Native frames: (J=compiled Java code, j=interpreted, Vv=VM code, C=native code)
V  [jvm.dll+0x7a8379]  (no source info available)
V  [jvm.dll+0x7729fd]  (no source info available)
V  [jvm.dll+0x9f57b3]  (no source info available)
V  [jvm.dll+0x9f7da1]  (no source info available)
V  [jvm.dll+0x9f84a3]  (no source info available)
V  [jvm.dll+0x2fcd26]  (no source info available)
V  [jvm.dll+0x111086]  (no source info available)
V  [jvm.dll+0x1113ae]  (no source info available)
V  [jvm.dll+0x1a01a2]  (no source info available)
V  [jvm.dll+0x3b5e72]  (no source info available)
V  [jvm.dll+0x7adcec]  (no source info available)
V  [jvm.dll+0x2c0327]  (no source info available)
V  [jvm.dll+0x2bf2ef]  (no source info available)
V  [jvm.dll+0x237300]  (no source info available)
V  [jvm.dll+0x2cf386]  (no source info available)
V  [jvm.dll+0x2cd60a]  (no source info available)
V  [jvm.dll+0x48f64e]  (no source info available)
V  [jvm.dll+0x99630d]  (no source info available)
V  [jvm.dll+0x7a6955]  (no source info available)
C  [ucrtbase.dll+0x2cd30]  (no source info available)
C  [KERNEL32.DLL+0x2e957]  (no source info available)
C  [ntdll.dll+0xaad6c]  (no source info available)

Lock stack of current Java thread (top to bottom):


---------------  P R O C E S S  ---------------

Threads class SMR info:
_java_thread_list=0x000001def30eff80, length=16, elements={
0x000001decefd3a60, 0x000001deee43c0a0, 0x000001deee43ef10, 0x000001deee44a3c0,
0x000001deee44af80, 0x000001deee44bb40, 0x000001deee448c40, 0x000001deee452720,
0x000001deee457f50, 0x000001deee7fd600, 0x000001deee825a10, 0x000001def31c0880,
0x000001def3479000, 0x000001def35e6d70, 0x000001def360d080, 0x000001def360d890
}

Java Threads: ( => current thread )
  0x000001decefd3a60 JavaThread "main"                              [_thread_blocked, id=24584, stack(0x000000c11b200000,0x000000c11b300000) (1024K)]
  0x000001deee43c0a0 JavaThread "Reference Handler"          daemon [_thread_blocked, id=37980, stack(0x000000c11ba00000,0x000000c11bb00000) (1024K)]
  0x000001deee43ef10 JavaThread "Finalizer"                  daemon [_thread_blocked, id=7368, stack(0x000000c11bb00000,0x000000c11bc00000) (1024K)]
  0x000001deee44a3c0 JavaThread "Signal Dispatcher"          daemon [_thread_blocked, id=11712, stack(0x000000c11bc00000,0x000000c11bd00000) (1024K)]
  0x000001deee44af80 JavaThread "Attach Listener"            daemon [_thread_blocked, id=35176, stack(0x000000c11bd00000,0x000000c11be00000) (1024K)]
  0x000001deee44bb40 JavaThread "Service Thread"             daemon [_thread_blocked, id=38148, stack(0x000000c11be00000,0x000000c11bf00000) (1024K)]
  0x000001deee448c40 JavaThread "Monitor Deflation Thread"   daemon [_thread_blocked, id=30096, stack(0x000000c11bf00000,0x000000c11c000000) (1024K)]
=>0x000001deee452720 JavaThread "C2 CompilerThread0"         daemon [_thread_in_native, id=25444, stack(0x000000c11c000000,0x000000c11c100000) (1024K)]
  0x000001deee457f50 JavaThread "C1 CompilerThread0"         daemon [_thread_blocked, id=39260, stack(0x000000c11c100000,0x000000c11c200000) (1024K)]
  0x000001deee7fd600 JavaThread "Notification Thread"        daemon [_thread_blocked, id=38560, stack(0x000000c11c200000,0x000000c11c300000) (1024K)]
  0x000001deee825a10 JavaThread "Common-Cleaner"             daemon [_thread_blocked, id=33852, stack(0x000000c11c300000,0x000000c11c400000) (1024K)]
  0x000001def31c0880 JavaThread "Java2D Disposer"            daemon [_thread_blocked, id=35396, stack(0x000000c11c400000,0x000000c11c500000) (1024K)]
  0x000001def3479000 JavaThread "AWT-Windows"                daemon [_thread_in_native, id=26108, stack(0x000000c11c600000,0x000000c11c700000) (1024K)]
  0x000001def35e6d70 JavaThread "Image Fetcher 0"            daemon [_thread_in_Java, id=31100, stack(0x000000c11c500000,0x000000c11c600000) (1024K)]
  0x000001def360d080 JavaThread "C2 CompilerThread1"         daemon [_thread_blocked, id=34792, stack(0x000000c11c700000,0x000000c11c800000) (1024K)]
  0x000001def360d890 JavaThread "C2 CompilerThread2"         daemon [_thread_in_native, id=25204, stack(0x000000c11c800000,0x000000c11c900000) (1024K)]
Total: 16

Other Threads:
  0x000001deee3da990 VMThread "VM Thread"                           [id=39772, stack(0x000000c11b900000,0x000000c11ba00000) (1024K)]
  0x000001deee3b8fd0 WatcherThread "VM Periodic Task Thread"        [id=24504, stack(0x000000c11b800000,0x000000c11b900000) (1024K)]
  0x000001decf4850a0 WorkerThread "GC Thread#0"                     [id=37764, stack(0x000000c11b300000,0x000000c11b400000) (1024K)]
  0x000001decf49e3a0 ConcurrentGCThread "G1 Main Marker"            [id=25168, stack(0x000000c11b400000,0x000000c11b500000) (1024K)]
  0x000001decf4a0d50 WorkerThread "G1 Conc#0"                       [id=38116, stack(0x000000c11b500000,0x000000c11b600000) (1024K)]
  0x000001decf4ee940 ConcurrentGCThread "G1 Refine#0"               [id=33204, stack(0x000000c11b600000,0x000000c11b700000) (1024K)]
  0x000001deee28d1d0 ConcurrentGCThread "G1 Service"                [id=39228, stack(0x000000c11b700000,0x000000c11b800000) (1024K)]
Total: 7

Threads with active compile tasks:
C2 CompilerThread0  10474  667 % !   4       sun.awt.image.PNGImageDecoder::produceImage @ 960 (1917 bytes)
C2 CompilerThread2  10474  716 %     4       java.awt.image.AreaAveragingScaleFilter::accumPixels @ 161 (545 bytes)
Total: 2

VM state: not at safepoint (normal execution)

VM Mutex/Monitor currently owned by a thread: None

Heap address: 0x0000000084400000, size: 1980 MB, Compressed Oops mode: 32-bit

CDS archive(s) not mapped
Compressed class space mapped at: 0x000000003f000000-0x000000007f000000, reserved size: 1073741824
UseCompressedClassPointers 1, UseCompactObjectHeaders 0
Narrow klass pointer bits 32, Max shift 3
Narrow klass base: 0x0000000000000000, Narrow klass shift: 0
Encoding Range: [0x0000000000000000 - 0x0000000100000000), (4294967296 bytes)
Klass Range:    [0x000000003f000000 - 0x000000007f000000), (1073741824 bytes)
Klass ID Range:  [1056964608 - 2130706425) (1073741817)
No protection zone.

GC Precious Log:
 CardTable entry size: 512
 Card Set container configuration: InlinePtr #cards 5 size 8 Array Of Cards #cards 10 size 36 Howl #buckets 4 coarsen threshold 1843 Howl Bitmap #cards 512 size 80 coarsen threshold 460 Card regions per heap region 1 cards per card region 2048
 CPUs: 12 total, 12 available
 Memory: 7915M
 Large Page Support: Disabled
 NUMA Support: Disabled
 Compressed Oops: Enabled (32-bit)
 Heap Region Size: 1M
 Heap Min Capacity: 8M
 Heap Initial Capacity: 124M
 Heap Max Capacity: 1980M
 Pre-touch: Disabled
 Parallel Workers: 10
 Concurrent Workers: 3
 Concurrent Refinement Workers: 10
 Periodic GC: Disabled

Heap:
 garbage-first heap   total reserved 2027520K, committed 126976K, used 19456K [0x0000000084400000, 0x0000000100000000)
  region size 1024K, 14 young (14336K), 0 survivors (0K)

Heap Regions: E=young(eden), S=young(survivor), O=old, HS=humongous(starts), HC=humongous(continues), CS=collection set, F=free, TAMS=top-at-mark-start, PB=parsable bottom
|   0|0x0000000084400000, 0x0000000084500000, 0x0000000084500000|100%|HS|  |TAMS 0x0000000084400000| PB 0x0000000084400000| Complete |  0
|   1|0x0000000084500000, 0x0000000084600000, 0x0000000084600000|100%|HC|  |TAMS 0x0000000084500000| PB 0x0000000084500000| Complete |  0
|   2|0x0000000084600000, 0x0000000084700000, 0x0000000084700000|100%|HC|  |TAMS 0x0000000084600000| PB 0x0000000084600000| Complete |  0
|   3|0x0000000084700000, 0x0000000084800000, 0x0000000084800000|100%|HC|  |TAMS 0x0000000084700000| PB 0x0000000084700000| Complete |  0
|   4|0x0000000084800000, 0x0000000084900000, 0x0000000084900000|100%|HC|  |TAMS 0x0000000084800000| PB 0x0000000084800000| Complete |  0
|   5|0x0000000084900000, 0x0000000084a00000, 0x0000000084a00000|100%|HC|  |TAMS 0x0000000084900000| PB 0x0000000084900000| Complete |  0
|   6|0x0000000084a00000, 0x0000000084a00000, 0x0000000084b00000|  0%| F|  |TAMS 0x0000000084a00000| PB 0x0000000084a00000| Untracked |  0
|   7|0x0000000084b00000, 0x0000000084b00000, 0x0000000084c00000|  0%| F|  |TAMS 0x0000000084b00000| PB 0x0000000084b00000| Untracked |  0
|   8|0x0000000084c00000, 0x0000000084c00000, 0x0000000084d00000|  0%| F|  |TAMS 0x0000000084c00000| PB 0x0000000084c00000| Untracked |  0
|   9|0x0000000084d00000, 0x0000000084d00000, 0x0000000084e00000|  0%| F|  |TAMS 0x0000000084d00000| PB 0x0000000084d00000| Untracked |  0
|  10|0x0000000084e00000, 0x0000000084e00000, 0x0000000084f00000|  0%| F|  |TAMS 0x0000000084e00000| PB 0x0000000084e00000| Untracked |  0
|  11|0x0000000084f00000, 0x0000000084f00000, 0x0000000085000000|  0%| F|  |TAMS 0x0000000084f00000| PB 0x0000000084f00000| Untracked |  0
|  12|0x0000000085000000, 0x0000000085000000, 0x0000000085100000|  0%| F|  |TAMS 0x0000000085000000| PB 0x0000000085000000| Untracked |  0
|  13|0x0000000085100000, 0x0000000085100000, 0x0000000085200000|  0%| F|  |TAMS 0x0000000085100000| PB 0x0000000085100000| Untracked |  0
|  14|0x0000000085200000, 0x0000000085200000, 0x0000000085300000|  0%| F|  |TAMS 0x0000000085200000| PB 0x0000000085200000| Untracked |  0
|  15|0x0000000085300000, 0x0000000085300000, 0x0000000085400000|  0%| F|  |TAMS 0x0000000085300000| PB 0x0000000085300000| Untracked |  0
|  16|0x0000000085400000, 0x0000000085400000, 0x0000000085500000|  0%| F|  |TAMS 0x0000000085400000| PB 0x0000000085400000| Untracked |  0
|  17|0x0000000085500000, 0x0000000085500000, 0x0000000085600000|  0%| F|  |TAMS 0x0000000085500000| PB 0x0000000085500000| Untracked |  0
|  18|0x0000000085600000, 0x0000000085600000, 0x0000000085700000|  0%| F|  |TAMS 0x0000000085600000| PB 0x0000000085600000| Untracked |  0
|  19|0x0000000085700000, 0x0000000085700000, 0x0000000085800000|  0%| F|  |TAMS 0x0000000085700000| PB 0x0000000085700000| Untracked |  0
|  20|0x0000000085800000, 0x0000000085800000, 0x0000000085900000|  0%| F|  |TAMS 0x0000000085800000| PB 0x0000000085800000| Untracked |  0
|  21|0x0000000085900000, 0x0000000085900000, 0x0000000085a00000|  0%| F|  |TAMS 0x0000000085900000| PB 0x0000000085900000| Untracked |  0
|  22|0x0000000085a00000, 0x0000000085a00000, 0x0000000085b00000|  0%| F|  |TAMS 0x0000000085a00000| PB 0x0000000085a00000| Untracked |  0
|  23|0x0000000085b00000, 0x0000000085b00000, 0x0000000085c00000|  0%| F|  |TAMS 0x0000000085b00000| PB 0x0000000085b00000| Untracked |  0
|  24|0x0000000085c00000, 0x0000000085c00000, 0x0000000085d00000|  0%| F|  |TAMS 0x0000000085c00000| PB 0x0000000085c00000| Untracked |  0
|  25|0x0000000085d00000, 0x0000000085d00000, 0x0000000085e00000|  0%| F|  |TAMS 0x0000000085d00000| PB 0x0000000085d00000| Untracked |  0
|  26|0x0000000085e00000, 0x0000000085e00000, 0x0000000085f00000|  0%| F|  |TAMS 0x0000000085e00000| PB 0x0000000085e00000| Untracked |  0
|  27|0x0000000085f00000, 0x0000000085f00000, 0x0000000086000000|  0%| F|  |TAMS 0x0000000085f00000| PB 0x0000000085f00000| Untracked |  0
|  28|0x0000000086000000, 0x0000000086000000, 0x0000000086100000|  0%| F|  |TAMS 0x0000000086000000| PB 0x0000000086000000| Untracked |  0
|  29|0x0000000086100000, 0x0000000086100000, 0x0000000086200000|  0%| F|  |TAMS 0x0000000086100000| PB 0x0000000086100000| Untracked |  0
|  30|0x0000000086200000, 0x0000000086200000, 0x0000000086300000|  0%| F|  |TAMS 0x0000000086200000| PB 0x0000000086200000| Untracked |  0
|  31|0x0000000086300000, 0x0000000086300000, 0x0000000086400000|  0%| F|  |TAMS 0x0000000086300000| PB 0x0000000086300000| Untracked |  0
|  32|0x0000000086400000, 0x0000000086400000, 0x0000000086500000|  0%| F|  |TAMS 0x0000000086400000| PB 0x0000000086400000| Untracked |  0
|  33|0x0000000086500000, 0x0000000086500000, 0x0000000086600000|  0%| F|  |TAMS 0x0000000086500000| PB 0x0000000086500000| Untracked |  0
|  34|0x0000000086600000, 0x0000000086600000, 0x0000000086700000|  0%| F|  |TAMS 0x0000000086600000| PB 0x0000000086600000| Untracked |  0
|  35|0x0000000086700000, 0x0000000086700000, 0x0000000086800000|  0%| F|  |TAMS 0x0000000086700000| PB 0x0000000086700000| Untracked |  0
|  36|0x0000000086800000, 0x0000000086800000, 0x0000000086900000|  0%| F|  |TAMS 0x0000000086800000| PB 0x0000000086800000| Untracked |  0
|  37|0x0000000086900000, 0x0000000086900000, 0x0000000086a00000|  0%| F|  |TAMS 0x0000000086900000| PB 0x0000000086900000| Untracked |  0
|  38|0x0000000086a00000, 0x0000000086a00000, 0x0000000086b00000|  0%| F|  |TAMS 0x0000000086a00000| PB 0x0000000086a00000| Untracked |  0
|  39|0x0000000086b00000, 0x0000000086b00000, 0x0000000086c00000|  0%| F|  |TAMS 0x0000000086b00000| PB 0x0000000086b00000| Untracked |  0
|  40|0x0000000086c00000, 0x0000000086c00000, 0x0000000086d00000|  0%| F|  |TAMS 0x0000000086c00000| PB 0x0000000086c00000| Untracked |  0
|  41|0x0000000086d00000, 0x0000000086d00000, 0x0000000086e00000|  0%| F|  |TAMS 0x0000000086d00000| PB 0x0000000086d00000| Untracked |  0
|  42|0x0000000086e00000, 0x0000000086e00000, 0x0000000086f00000|  0%| F|  |TAMS 0x0000000086e00000| PB 0x0000000086e00000| Untracked |  0
|  43|0x0000000086f00000, 0x0000000086f00000, 0x0000000087000000|  0%| F|  |TAMS 0x0000000086f00000| PB 0x0000000086f00000| Untracked |  0
|  44|0x0000000087000000, 0x0000000087000000, 0x0000000087100000|  0%| F|  |TAMS 0x0000000087000000| PB 0x0000000087000000| Untracked |  0
|  45|0x0000000087100000, 0x0000000087100000, 0x0000000087200000|  0%| F|  |TAMS 0x0000000087100000| PB 0x0000000087100000| Untracked |  0
|  46|0x0000000087200000, 0x0000000087200000, 0x0000000087300000|  0%| F|  |TAMS 0x0000000087200000| PB 0x0000000087200000| Untracked |  0
|  47|0x0000000087300000, 0x0000000087300000, 0x0000000087400000|  0%| F|  |TAMS 0x0000000087300000| PB 0x0000000087300000| Untracked |  0
|  48|0x0000000087400000, 0x0000000087400000, 0x0000000087500000|  0%| F|  |TAMS 0x0000000087400000| PB 0x0000000087400000| Untracked |  0
|  49|0x0000000087500000, 0x0000000087500000, 0x0000000087600000|  0%| F|  |TAMS 0x0000000087500000| PB 0x0000000087500000| Untracked |  0
|  50|0x0000000087600000, 0x0000000087600000, 0x0000000087700000|  0%| F|  |TAMS 0x0000000087600000| PB 0x0000000087600000| Untracked |  0
|  51|0x0000000087700000, 0x0000000087700000, 0x0000000087800000|  0%| F|  |TAMS 0x0000000087700000| PB 0x0000000087700000| Untracked |  0
|  52|0x0000000087800000, 0x0000000087800000, 0x0000000087900000|  0%| F|  |TAMS 0x0000000087800000| PB 0x0000000087800000| Untracked |  0
|  53|0x0000000087900000, 0x0000000087900000, 0x0000000087a00000|  0%| F|  |TAMS 0x0000000087900000| PB 0x0000000087900000| Untracked |  0
|  54|0x0000000087a00000, 0x0000000087a00000, 0x0000000087b00000|  0%| F|  |TAMS 0x0000000087a00000| PB 0x0000000087a00000| Untracked |  0
|  55|0x0000000087b00000, 0x0000000087b00000, 0x0000000087c00000|  0%| F|  |TAMS 0x0000000087b00000| PB 0x0000000087b00000| Untracked |  0
|  56|0x0000000087c00000, 0x0000000087c00000, 0x0000000087d00000|  0%| F|  |TAMS 0x0000000087c00000| PB 0x0000000087c00000| Untracked |  0
|  57|0x0000000087d00000, 0x0000000087d00000, 0x0000000087e00000|  0%| F|  |TAMS 0x0000000087d00000| PB 0x0000000087d00000| Untracked |  0
|  58|0x0000000087e00000, 0x0000000087e00000, 0x0000000087f00000|  0%| F|  |TAMS 0x0000000087e00000| PB 0x0000000087e00000| Untracked |  0
|  59|0x0000000087f00000, 0x0000000087f00000, 0x0000000088000000|  0%| F|  |TAMS 0x0000000087f00000| PB 0x0000000087f00000| Untracked |  0
|  60|0x0000000088000000, 0x0000000088000000, 0x0000000088100000|  0%| F|  |TAMS 0x0000000088000000| PB 0x0000000088000000| Untracked |  0
|  61|0x0000000088100000, 0x0000000088100000, 0x0000000088200000|  0%| F|  |TAMS 0x0000000088100000| PB 0x0000000088100000| Untracked |  0
|  62|0x0000000088200000, 0x0000000088200000, 0x0000000088300000|  0%| F|  |TAMS 0x0000000088200000| PB 0x0000000088200000| Untracked |  0
|  63|0x0000000088300000, 0x0000000088300000, 0x0000000088400000|  0%| F|  |TAMS 0x0000000088300000| PB 0x0000000088300000| Untracked |  0
|  64|0x0000000088400000, 0x0000000088400000, 0x0000000088500000|  0%| F|  |TAMS 0x0000000088400000| PB 0x0000000088400000| Untracked |  0
|  65|0x0000000088500000, 0x0000000088500000, 0x0000000088600000|  0%| F|  |TAMS 0x0000000088500000| PB 0x0000000088500000| Untracked |  0
|  66|0x0000000088600000, 0x0000000088600000, 0x0000000088700000|  0%| F|  |TAMS 0x0000000088600000| PB 0x0000000088600000| Untracked |  0
|  67|0x0000000088700000, 0x0000000088700000, 0x0000000088800000|  0%| F|  |TAMS 0x0000000088700000| PB 0x0000000088700000| Untracked |  0
|  68|0x0000000088800000, 0x0000000088800000, 0x0000000088900000|  0%| F|  |TAMS 0x0000000088800000| PB 0x0000000088800000| Untracked |  0
|  69|0x0000000088900000, 0x0000000088900000, 0x0000000088a00000|  0%| F|  |TAMS 0x0000000088900000| PB 0x0000000088900000| Untracked |  0
|  70|0x0000000088a00000, 0x0000000088a00000, 0x0000000088b00000|  0%| F|  |TAMS 0x0000000088a00000| PB 0x0000000088a00000| Untracked |  0
|  71|0x0000000088b00000, 0x0000000088b00000, 0x0000000088c00000|  0%| F|  |TAMS 0x0000000088b00000| PB 0x0000000088b00000| Untracked |  0
|  72|0x0000000088c00000, 0x0000000088c00000, 0x0000000088d00000|  0%| F|  |TAMS 0x0000000088c00000| PB 0x0000000088c00000| Untracked |  0
|  73|0x0000000088d00000, 0x0000000088d00000, 0x0000000088e00000|  0%| F|  |TAMS 0x0000000088d00000| PB 0x0000000088d00000| Untracked |  0
|  74|0x0000000088e00000, 0x0000000088e00000, 0x0000000088f00000|  0%| F|  |TAMS 0x0000000088e00000| PB 0x0000000088e00000| Untracked |  0
|  75|0x0000000088f00000, 0x0000000088f00000, 0x0000000089000000|  0%| F|  |TAMS 0x0000000088f00000| PB 0x0000000088f00000| Untracked |  0
|  76|0x0000000089000000, 0x0000000089000000, 0x0000000089100000|  0%| F|  |TAMS 0x0000000089000000| PB 0x0000000089000000| Untracked |  0
|  77|0x0000000089100000, 0x0000000089100000, 0x0000000089200000|  0%| F|  |TAMS 0x0000000089100000| PB 0x0000000089100000| Untracked |  0
|  78|0x0000000089200000, 0x0000000089200000, 0x0000000089300000|  0%| F|  |TAMS 0x0000000089200000| PB 0x0000000089200000| Untracked |  0
|  79|0x0000000089300000, 0x0000000089300000, 0x0000000089400000|  0%| F|  |TAMS 0x0000000089300000| PB 0x0000000089300000| Untracked |  0
|  80|0x0000000089400000, 0x0000000089400000, 0x0000000089500000|  0%| F|  |TAMS 0x0000000089400000| PB 0x0000000089400000| Untracked |  0
|  81|0x0000000089500000, 0x0000000089500000, 0x0000000089600000|  0%| F|  |TAMS 0x0000000089500000| PB 0x0000000089500000| Untracked |  0
|  82|0x0000000089600000, 0x0000000089600000, 0x0000000089700000|  0%| F|  |TAMS 0x0000000089600000| PB 0x0000000089600000| Untracked |  0
|  83|0x0000000089700000, 0x0000000089700000, 0x0000000089800000|  0%| F|  |TAMS 0x0000000089700000| PB 0x0000000089700000| Untracked |  0
|  84|0x0000000089800000, 0x0000000089800000, 0x0000000089900000|  0%| F|  |TAMS 0x0000000089800000| PB 0x0000000089800000| Untracked |  0
|  85|0x0000000089900000, 0x0000000089900000, 0x0000000089a00000|  0%| F|  |TAMS 0x0000000089900000| PB 0x0000000089900000| Untracked |  0
|  86|0x0000000089a00000, 0x0000000089a00000, 0x0000000089b00000|  0%| F|  |TAMS 0x0000000089a00000| PB 0x0000000089a00000| Untracked |  0
|  87|0x0000000089b00000, 0x0000000089b00000, 0x0000000089c00000|  0%| F|  |TAMS 0x0000000089b00000| PB 0x0000000089b00000| Untracked |  0
|  88|0x0000000089c00000, 0x0000000089c00000, 0x0000000089d00000|  0%| F|  |TAMS 0x0000000089c00000| PB 0x0000000089c00000| Untracked |  0
|  89|0x0000000089d00000, 0x0000000089d00000, 0x0000000089e00000|  0%| F|  |TAMS 0x0000000089d00000| PB 0x0000000089d00000| Untracked |  0
|  90|0x0000000089e00000, 0x0000000089e00000, 0x0000000089f00000|  0%| F|  |TAMS 0x0000000089e00000| PB 0x0000000089e00000| Untracked |  0
|  91|0x0000000089f00000, 0x0000000089f00000, 0x000000008a000000|  0%| F|  |TAMS 0x0000000089f00000| PB 0x0000000089f00000| Untracked |  0
|  92|0x000000008a000000, 0x000000008a000000, 0x000000008a100000|  0%| F|  |TAMS 0x000000008a000000| PB 0x000000008a000000| Untracked |  0
|  93|0x000000008a100000, 0x000000008a100000, 0x000000008a200000|  0%| F|  |TAMS 0x000000008a100000| PB 0x000000008a100000| Untracked |  0
|  94|0x000000008a200000, 0x000000008a200000, 0x000000008a300000|  0%| F|  |TAMS 0x000000008a200000| PB 0x000000008a200000| Untracked |  0
|  95|0x000000008a300000, 0x000000008a300000, 0x000000008a400000|  0%| F|  |TAMS 0x000000008a300000| PB 0x000000008a300000| Untracked |  0
|  96|0x000000008a400000, 0x000000008a400000, 0x000000008a500000|  0%| F|  |TAMS 0x000000008a400000| PB 0x000000008a400000| Untracked |  0
|  97|0x000000008a500000, 0x000000008a500000, 0x000000008a600000|  0%| F|  |TAMS 0x000000008a500000| PB 0x000000008a500000| Untracked |  0
|  98|0x000000008a600000, 0x000000008a600000, 0x000000008a700000|  0%| F|  |TAMS 0x000000008a600000| PB 0x000000008a600000| Untracked |  0
|  99|0x000000008a700000, 0x000000008a700000, 0x000000008a800000|  0%| F|  |TAMS 0x000000008a700000| PB 0x000000008a700000| Untracked |  0
| 100|0x000000008a800000, 0x000000008a800000, 0x000000008a900000|  0%| F|  |TAMS 0x000000008a800000| PB 0x000000008a800000| Untracked |  0
| 101|0x000000008a900000, 0x000000008a900000, 0x000000008aa00000|  0%| F|  |TAMS 0x000000008a900000| PB 0x000000008a900000| Untracked |  0
| 102|0x000000008aa00000, 0x000000008aa00000, 0x000000008ab00000|  0%| F|  |TAMS 0x000000008aa00000| PB 0x000000008aa00000| Untracked |  0
| 103|0x000000008ab00000, 0x000000008ab00000, 0x000000008ac00000|  0%| F|  |TAMS 0x000000008ab00000| PB 0x000000008ab00000| Untracked |  0
| 104|0x000000008ac00000, 0x000000008ac00000, 0x000000008ad00000|  0%| F|  |TAMS 0x000000008ac00000| PB 0x000000008ac00000| Untracked |  0
| 105|0x000000008ad00000, 0x000000008ad00000, 0x000000008ae00000|  0%| F|  |TAMS 0x000000008ad00000| PB 0x000000008ad00000| Untracked |  0
| 106|0x000000008ae00000, 0x000000008ae00000, 0x000000008af00000|  0%| F|  |TAMS 0x000000008ae00000| PB 0x000000008ae00000| Untracked |  0
| 107|0x000000008af00000, 0x000000008af00000, 0x000000008b000000|  0%| F|  |TAMS 0x000000008af00000| PB 0x000000008af00000| Untracked |  0
| 108|0x000000008b000000, 0x000000008b000000, 0x000000008b100000|  0%| F|  |TAMS 0x000000008b000000| PB 0x000000008b000000| Untracked |  0
| 109|0x000000008b100000, 0x000000008b100000, 0x000000008b200000|  0%| F|  |TAMS 0x000000008b100000| PB 0x000000008b100000| Untracked |  0
| 110|0x000000008b200000, 0x000000008b300000, 0x000000008b300000|100%| E|  |TAMS 0x000000008b200000| PB 0x000000008b200000| Complete |  0
| 111|0x000000008b300000, 0x000000008b400000, 0x000000008b400000|100%| E|CS|TAMS 0x000000008b300000| PB 0x000000008b300000| Complete |  0
| 112|0x000000008b400000, 0x000000008b500000, 0x000000008b500000|100%| E|CS|TAMS 0x000000008b400000| PB 0x000000008b400000| Complete |  0
| 113|0x000000008b500000, 0x000000008b600000, 0x000000008b600000|100%| E|CS|TAMS 0x000000008b500000| PB 0x000000008b500000| Complete |  0
| 114|0x000000008b600000, 0x000000008b700000, 0x000000008b700000|100%| E|CS|TAMS 0x000000008b600000| PB 0x000000008b600000| Complete |  0
| 115|0x000000008b700000, 0x000000008b800000, 0x000000008b800000|100%| E|CS|TAMS 0x000000008b700000| PB 0x000000008b700000| Complete |  0
| 116|0x000000008b800000, 0x000000008b900000, 0x000000008b900000|100%| E|CS|TAMS 0x000000008b800000| PB 0x000000008b800000| Complete |  0
| 117|0x000000008b900000, 0x000000008ba00000, 0x000000008ba00000|100%| E|CS|TAMS 0x000000008b900000| PB 0x000000008b900000| Complete |  0
| 118|0x000000008ba00000, 0x000000008bb00000, 0x000000008bb00000|100%| E|CS|TAMS 0x000000008ba00000| PB 0x000000008ba00000| Complete |  0
| 119|0x000000008bb00000, 0x000000008bc00000, 0x000000008bc00000|100%| E|CS|TAMS 0x000000008bb00000| PB 0x000000008bb00000| Complete |  0
| 120|0x000000008bc00000, 0x000000008bd00000, 0x000000008bd00000|100%| E|CS|TAMS 0x000000008bc00000| PB 0x000000008bc00000| Complete |  0
| 121|0x000000008bd00000, 0x000000008be00000, 0x000000008be00000|100%| E|CS|TAMS 0x000000008bd00000| PB 0x000000008bd00000| Complete |  0
| 122|0x000000008be00000, 0x000000008bf00000, 0x000000008bf00000|100%| E|CS|TAMS 0x000000008be00000| PB 0x000000008be00000| Complete |  0
| 123|0x000000008bf00000, 0x000000008c000000, 0x000000008c000000|100%| E|CS|TAMS 0x000000008bf00000| PB 0x000000008bf00000| Complete |  0

Card table byte_map: [0x000001dee96a0000,0x000001dee9a80000] _byte_map_base: 0x000001dee927e000

Marking Bits: (CMBitMap*) 0x000001decf485830
 Bits: [0x000001dee9a80000, 0x000001deeb970000)

Polling page: 0x000001decf4f0000

Metaspace:
Metaspace        used 12354K, committed 12544K, reserved 1114112K
 class space     used 870K, committed 960K, reserved 1048576K

Usage:
  Non-class:     11.22 MB used.
      Class:    870.23 KB used.
       Both:     12.06 MB used.

Virtual space:
  Non-class space:       64.00 MB reserved,      11.31 MB ( 18%) committed,  1 nodes.
      Class space:        1.00 GB reserved,     960.00 KB ( <1%) committed,  1 nodes.
             Both:        1.06 GB reserved,      12.25 MB (  1%) committed. 

Chunk freelists:
   Non-Class:  4.49 MB
       Class:  15.09 MB
        Both:  19.58 MB

MaxMetaspaceSize: unlimited
CompressedClassSpaceSize: 1.00 GB
Initial GC threshold: 21.00 MB
Current GC threshold: 21.00 MB
CDS: off
 - commit_granule_bytes: 65536.
 - commit_granule_words: 8192.
 - virtual_space_node_default_size: 8388608.
 - enlarge_chunks_in_place: 1.
UseCompressedClassPointers 1, UseCompactObjectHeaders 0
Narrow klass pointer bits 32, Max shift 3
Narrow klass base: 0x0000000000000000, Narrow klass shift: 0
Encoding Range: [0x0000000000000000 - 0x0000000100000000), (4294967296 bytes)
Klass Range:    [0x000000003f000000 - 0x000000007f000000), (1073741824 bytes)
Klass ID Range:  [1056964608 - 2130706425) (1073741817)
No protection zone.


Internal statistics:

num_allocs_failed_limit: 0.
num_arena_births: 48.
num_arena_deaths: 0.
num_vsnodes_births: 2.
num_vsnodes_deaths: 0.
num_space_committed: 196.
num_space_uncommitted: 0.
num_chunks_returned_to_freelist: 0.
num_chunks_taken_from_freelist: 81.
num_chunk_merges: 0.
num_chunk_splits: 44.
num_chunks_enlarged: 24.
num_inconsistent_stats: 0.

CodeHeap 'non-profiled nmethods': size=120064Kb used=152Kb max_used=152Kb free=119911Kb
 bounds [0x000001dee10f0000, 0x000001dee1360000, 0x000001dee8630000]
CodeHeap 'profiled nmethods': size=120000Kb used=1056Kb max_used=1056Kb free=118944Kb
 bounds [0x000001ded9630000, 0x000001ded98a0000, 0x000001dee0b60000]
CodeHeap 'non-nmethods': size=5696Kb used=1414Kb max_used=1428Kb free=4281Kb
 bounds [0x000001dee0b60000, 0x000001dee0dd0000, 0x000001dee10f0000]
CodeCache: size=245760Kb, used=2622Kb, max_used=2636Kb, free=243136Kb
 total_blobs=1263, nmethods=724, adapters=441, full_count=0
Compilation: enabled, stopped_count=0, restarted_count=0

Compilation events (20 events):
Event: 7.409 Thread 0x000001deee457f50  687       3       java.io.BufferedInputStream::fill (204 bytes)
Event: 7.409 Thread 0x000001deee457f50 nmethod 687 0x000001ded972aa08 code [0x000001ded972ab00, 0x000001ded972b5a8]
Event: 7.409 Thread 0x000001deee457f50  688       3       java.util.Objects::checkFromIndexSize (8 bytes)
Event: 7.409 Thread 0x000001deee457f50 nmethod 688 0x000001ded972b608 code [0x000001ded972b700, 0x000001ded972b8f8]
Event: 7.409 Thread 0x000001deee457f50  689       3       java.util.zip.Inflater::ensureOpen (47 bytes)
Event: 7.409 Thread 0x000001deee457f50 nmethod 689 0x000001ded972b908 code [0x000001ded972ba00, 0x000001ded972bc38]
Event: 7.409 Thread 0x000001deee457f50  690   !   3       java.util.zip.InflaterInputStream::read (129 bytes)
Event: 7.410 Thread 0x000001deee457f50 nmethod 690 0x000001ded972bc88 code [0x000001ded972bd80, 0x000001ded972cb58]
Event: 7.410 Thread 0x000001deee457f50  691   !   3       java.util.zip.Inflater::needsDictionary (19 bytes)
Event: 7.410 Thread 0x000001deee457f50 nmethod 691 0x000001ded972cb88 code [0x000001ded972cc80, 0x000001ded972cf08]
Event: 7.410 Thread 0x000001deee457f50  692   !   3       java.util.zip.Inflater::needsInput (55 bytes)
Event: 7.410 Thread 0x000001deee457f50 nmethod 692 0x000001ded972cf88 code [0x000001ded972d080, 0x000001ded972d508]
Event: 7.410 Thread 0x000001deee457f50  693   !   3       java.util.zip.Inflater::inflate (456 bytes)
Event: 7.411 Thread 0x000001deee457f50 nmethod 693 0x000001ded972d588 code [0x000001ded972d680, 0x000001ded972f490]
Event: 7.411 Thread 0x000001deee457f50  694       3       java.util.zip.InflaterInputStream::available (32 bytes)
Event: 7.411 Thread 0x000001deee457f50 nmethod 694 0x000001ded972f508 code [0x000001ded972f600, 0x000001ded972fb08]
Event: 7.413 Thread 0x000001deee457f50  695 %     3       sun.awt.image.PNGImageDecoder::update_crc @ 3 (41 bytes)
Event: 7.413 Thread 0x000001deee457f50 nmethod 695% 0x000001ded972fb88 code [0x000001ded972fc80, 0x000001ded972ff00]
Event: 7.413 Thread 0x000001deee457f50  696       3       sun.awt.image.PNGImageDecoder::update_crc (41 bytes)
Event: 7.413 Thread 0x000001deee457f50 nmethod 696 0x000001ded972ff08 code [0x000001ded9730000, 0x000001ded97301d8]

GC Heap Usage History (0 events):
No events

Metaspace Usage History (0 events):
No events

Dll operation events (6 events):
Event: 0.012 Loaded shared library C:\Program Files\Apache NetBeans\jdk\bin\java.dll
Event: 3.150 Loaded shared library C:\Program Files\Apache NetBeans\jdk\bin\net.dll
Event: 3.152 Loaded shared library C:\Program Files\Apache NetBeans\jdk\bin\nio.dll
Event: 3.162 Loaded shared library C:\Program Files\Apache NetBeans\jdk\bin\zip.dll
Event: 3.213 Loaded shared library C:\Program Files\Apache NetBeans\jdk\bin\jimage.dll
Event: 3.226 Loaded shared library C:\Program Files\Apache NetBeans\jdk\bin\awt.dll

Deoptimization events (20 events):
Event: 7.406 Thread 0x000001def35e6d70 DEOPT PACKING pc=0x000001ded97162bd sp=0x000000c11c5fee30
Event: 7.406 Thread 0x000001def35e6d70 DEOPT UNPACKING pc=0x000001dee0bb1702 sp=0x000000c11c5fe2a0 mode 0
Event: 7.406 Thread 0x000001def35e6d70 DEOPT PACKING pc=0x000001ded97162bd sp=0x000000c11c5fee30
Event: 7.406 Thread 0x000001def35e6d70 DEOPT UNPACKING pc=0x000001dee0bb1702 sp=0x000000c11c5fe2a0 mode 0
Event: 7.406 Thread 0x000001def35e6d70 DEOPT PACKING pc=0x000001ded97162bd sp=0x000000c11c5fee30
Event: 7.406 Thread 0x000001def35e6d70 DEOPT UNPACKING pc=0x000001dee0bb1702 sp=0x000000c11c5fe2a0 mode 0
Event: 7.406 Thread 0x000001def35e6d70 DEOPT PACKING pc=0x000001ded97162bd sp=0x000000c11c5fee30
Event: 7.406 Thread 0x000001def35e6d70 DEOPT UNPACKING pc=0x000001dee0bb1702 sp=0x000000c11c5fe2a0 mode 0
Event: 7.406 Thread 0x000001def35e6d70 DEOPT PACKING pc=0x000001ded97162bd sp=0x000000c11c5fee30
Event: 7.406 Thread 0x000001def35e6d70 DEOPT UNPACKING pc=0x000001dee0bb1702 sp=0x000000c11c5fe2a0 mode 0
Event: 7.406 Thread 0x000001def35e6d70 DEOPT PACKING pc=0x000001ded97162bd sp=0x000000c11c5fee30
Event: 7.406 Thread 0x000001def35e6d70 DEOPT UNPACKING pc=0x000001dee0bb1702 sp=0x000000c11c5fe2a0 mode 0
Event: 7.406 Thread 0x000001def35e6d70 DEOPT PACKING pc=0x000001ded97162bd sp=0x000000c11c5fee30
Event: 7.406 Thread 0x000001def35e6d70 DEOPT UNPACKING pc=0x000001dee0bb1702 sp=0x000000c11c5fe2a0 mode 0
Event: 7.406 Thread 0x000001def35e6d70 DEOPT PACKING pc=0x000001ded97162bd sp=0x000000c11c5fee30
Event: 7.406 Thread 0x000001def35e6d70 DEOPT UNPACKING pc=0x000001dee0bb1702 sp=0x000000c11c5fe2a0 mode 0
Event: 7.407 Thread 0x000001def35e6d70 DEOPT PACKING pc=0x000001ded97162bd sp=0x000000c11c5fee30
Event: 7.407 Thread 0x000001def35e6d70 DEOPT UNPACKING pc=0x000001dee0bb1702 sp=0x000000c11c5fe2a0 mode 0
Event: 7.407 Thread 0x000001def35e6d70 DEOPT PACKING pc=0x000001ded97162bd sp=0x000000c11c5fee30
Event: 7.407 Thread 0x000001def35e6d70 DEOPT UNPACKING pc=0x000001dee0bb1702 sp=0x000000c11c5fe2a0 mode 0

Classes loaded (20 events):
Event: 7.391 Loading class java/awt/image/WritableRaster
Event: 7.391 Loading class java/awt/image/WritableRaster done
Event: 7.391 Loading class sun/awt/image/SunWritableRaster done
Event: 7.393 Loading class java/awt/image/SinglePixelPackedSampleModel
Event: 7.393 Loading class java/awt/image/SampleModel
Event: 7.393 Loading class java/awt/image/SampleModel done
Event: 7.393 Loading class java/awt/image/SinglePixelPackedSampleModel done
Event: 7.393 Loading class sun/awt/image/IntegerInterleavedRaster
Event: 7.393 Loading class sun/awt/image/IntegerComponentRaster
Event: 7.393 Loading class sun/awt/image/IntegerComponentRaster done
Event: 7.393 Loading class sun/awt/image/IntegerInterleavedRaster done
Event: 7.394 Loading class java/awt/image/BufferedImage
Event: 7.394 Loading class java/awt/image/WritableRenderedImage
Event: 7.394 Loading class java/awt/image/RenderedImage
Event: 7.394 Loading class java/awt/image/RenderedImage done
Event: 7.394 Loading class java/awt/image/WritableRenderedImage done
Event: 7.394 Loading class java/awt/image/BufferedImage done
Event: 7.420 Loading class java/awt/image/AreaAveragingScaleFilter
Event: 7.420 Loading class java/awt/image/ReplicateScaleFilter
Event: 8.417 Loading class java/awt/image/ImageFilter

Classes unloaded (0 events):
No events

Classes redefined (0 events):
No events

Internal exceptions (15 events):
Event: 3.222 Thread 0x000001decefd3a60 Exception <a 'java/lang/ClassNotFoundException'{0x000000008bd8e400}: sun/awt/resources/spi/awtProvider> (0x000000008bd8e400) 
thrown [s\src\hotspot\share\classfile\systemDictionary.cpp, line 327]
Event: 3.232 Thread 0x000001decefd3a60 Exception <a 'java/io/FileNotFoundException'{0x000000008bdb1fc0}> (0x000000008bdb1fc0) 
thrown [s\src\hotspot\share\prims\jni.cpp, line 516]
Event: 3.233 Thread 0x000001decefd3a60 Exception <a 'java/io/FileNotFoundException'{0x000000008bdc49d0}> (0x000000008bdc49d0) 
thrown [s\src\hotspot\share\prims\jni.cpp, line 516]
Event: 6.262 Thread 0x000001decefd3a60 Exception <a 'java/lang/NoSuchMethodError'{0x000000008bc1a878}: 'java.lang.Object java.lang.invoke.DirectMethodHandle$Holder.invokeStaticInit(java.lang.Object)'> (0x000000008bc1a878) 
thrown [s\src\hotspot\share\interpreter\linkResolver.cpp, line 804]
Event: 6.332 Thread 0x000001decefd3a60 Exception <a 'java/lang/NoSuchMethodError'{0x000000008bc4c460}: 'long java.lang.invoke.DirectMethodHandle$Holder.invokeStatic(java.lang.Object, java.lang.Object)'> (0x000000008bc4c460) 
thrown [s\src\hotspot\share\interpreter\linkResolver.cpp, line 804]
Event: 6.332 Thread 0x000001decefd3a60 Exception <a 'java/lang/NoSuchMethodError'{0x000000008bc544b8}: 'long java.lang.invoke.DirectMethodHandle$Holder.invokeStaticInit(java.lang.Object, java.lang.Object)'> (0x000000008bc544b8) 
thrown [s\src\hotspot\share\interpreter\linkResolver.cpp, line 804]
Event: 6.333 Thread 0x000001decefd3a60 Exception <a 'java/lang/NoSuchMethodError'{0x000000008bc5cd68}: 'java.lang.Object java.lang.invoke.DirectMethodHandle$Holder.invokeStatic(java.lang.Object, long, java.lang.Object)'> (0x000000008bc5cd68) 
thrown [s\src\hotspot\share\interpreter\linkResolver.cpp, line 804]
Event: 6.333 Thread 0x000001decefd3a60 Exception <a 'java/lang/NoSuchMethodError'{0x000000008bc64eb8}: 'java.lang.Object java.lang.invoke.DirectMethodHandle$Holder.invokeStaticInit(java.lang.Object, long, java.lang.Object)'> (0x000000008bc64eb8) 
thrown [s\src\hotspot\share\interpreter\linkResolver.cpp, line 804]
Event: 6.334 Thread 0x000001decefd3a60 Exception <a 'java/lang/NoSuchMethodError'{0x000000008bc6d6c8}: 'java.lang.Object java.lang.invoke.DirectMethodHandle$Holder.invokeStaticInit(java.lang.Object, long)'> (0x000000008bc6d6c8) 
thrown [s\src\hotspot\share\interpreter\linkResolver.cpp, line 804]
Event: 6.346 Thread 0x000001decefd3a60 Exception <a 'java/lang/NoSuchMethodError'{0x000000008bb1c210}: 'void java.lang.invoke.DirectMethodHandle$Holder.invokeSpecial(java.lang.Object, java.lang.Object, java.lang.Object)'> (0x000000008bb1c210) 
thrown [s\src\hotspot\share\interpreter\linkResolver.cpp, line 804]
Event: 6.352 Thread 0x000001decefd3a60 Exception <a 'java/lang/NoSuchMethodError'{0x000000008bb8b690}: 'java.lang.Object java.lang.invoke.DirectMethodHandle$Holder.newInvokeSpecial(java.lang.Object, java.lang.Object, java.lang.Object, java.lang.Object, java.lang.Object)'> (0x000000008bb8b690) 
thrown [s\src\hotspot\share\interpreter\linkResolver.cpp, line 804]
Event: 6.355 Thread 0x000001decefd3a60 Exception <a 'java/lang/NoSuchMethodError'{0x000000008bbf31d0}: 'java.lang.Object java.lang.invoke.DirectMethodHandle$Holder.invokeStatic(java.lang.Object, int, java.lang.Object)'> (0x000000008bbf31d0) 
thrown [s\src\hotspot\share\interpreter\linkResolver.cpp, line 804]
Event: 7.377 Thread 0x000001decefd3a60 Exception <a 'java/lang/ClassNotFoundException'{0x000000008b8a0048}: com/sun/swing/internal/plaf/metal/resources/spi/metalProvider> (0x000000008b8a0048) 
thrown [s\src\hotspot\share\classfile\systemDictionary.cpp, line 327]
Event: 7.378 Thread 0x000001decefd3a60 Exception <a 'java/lang/ClassNotFoundException'{0x000000008b8a4810}: com/sun/swing/internal/plaf/basic/resources/spi/basicProvider> (0x000000008b8a4810) 
thrown [s\src\hotspot\share\classfile\systemDictionary.cpp, line 327]
Event: 7.385 Thread 0x000001decefd3a60 Exception <a 'java/lang/NoSuchMethodError'{0x000000008b8d6200}: 'int java.lang.invoke.Invokers$Holder.invokeExact_MT(java.lang.Object, java.lang.Object)'> (0x000000008b8d6200) 
thrown [s\src\hotspot\share\interpreter\linkResolver.cpp, line 804]

VM Operations (2 events):
Event: 7.377 Executing non-safepoint VM operation: HandshakeAllThreads (Deoptimize)
Event: 7.377 Executing non-safepoint VM operation: HandshakeAllThreads (Deoptimize) done

Memory protections (0 events):
No events

Nmethod flushes (0 events):
No events

Events (16 events):
Event: 3.052 Thread 0x000001decefd3a60 Thread added: 0x000001decefd3a60
Event: 3.100 Thread 0x000001decefd3a60 Thread added: 0x000001deee43c0a0
Event: 3.100 Thread 0x000001decefd3a60 Thread added: 0x000001deee43ef10
Event: 3.101 Thread 0x000001decefd3a60 Thread added: 0x000001deee44a3c0
Event: 3.101 Thread 0x000001decefd3a60 Thread added: 0x000001deee44af80
Event: 3.101 Thread 0x000001decefd3a60 Thread added: 0x000001deee44bb40
Event: 3.101 Thread 0x000001decefd3a60 Thread added: 0x000001deee448c40
Event: 3.101 Thread 0x000001decefd3a60 Thread added: 0x000001deee452720
Event: 3.101 Thread 0x000001decefd3a60 Thread added: 0x000001deee457f50
Event: 3.131 Thread 0x000001decefd3a60 Thread added: 0x000001deee7fd600
Event: 3.142 Thread 0x000001decefd3a60 Thread added: 0x000001deee825a10
Event: 6.274 Thread 0x000001decefd3a60 Thread added: 0x000001def31c0880
Event: 6.274 Thread 0x000001decefd3a60 Thread added: 0x000001def31c1650
Event: 6.274 Thread 0x000001decefd3a60 Thread added: 0x000001def3479000
Event: 7.365 Thread 0x000001def31c1650 Thread exited: 0x000001def31c1650
Event: 7.389 Thread 0x000001decefd3a60 Thread added: 0x000001def35e6d70


Dynamic libraries:
0x00007ff69ca50000 - 0x00007ff69ca5e000 	C:\Program Files\Apache NetBeans\jdk\bin\java.exe
0x00007ffbf0e80000 - 0x00007ffbf10e6000 	C:\Windows\SYSTEM32\ntdll.dll
0x00007ffbefe70000 - 0x00007ffbeff39000 	C:\Windows\System32\KERNEL32.DLL
0x00007ffbee530000 - 0x00007ffbee92e000 	C:\Windows\System32\KERNELBASE.dll
0x00007ffbee130000 - 0x00007ffbee27c000 	C:\Windows\System32\ucrtbase.dll
0x00007ffbd1900000 - 0x00007ffbd1916000 	C:\Program Files\Apache NetBeans\jdk\bin\jli.dll
0x00007ffbe3f10000 - 0x00007ffbe3f2e000 	C:\Program Files\Apache NetBeans\jdk\bin\VCRUNTIME140.dll
0x00007ffbef570000 - 0x00007ffbef737000 	C:\Windows\System32\USER32.dll
0x00007ffbee940000 - 0x00007ffbee967000 	C:\Windows\System32\win32u.dll
0x00007ffbef7f0000 - 0x00007ffbef81b000 	C:\Windows\System32\GDI32.dll
0x00007ffbee350000 - 0x00007ffbee47a000 	C:\Windows\System32\gdi32full.dll
0x00007ffbc2330000 - 0x00007ffbc25c2000 	C:\Windows\WinSxS\amd64_microsoft.windows.common-controls_6595b64144ccf1df_6.0.26100.8875_none_3e0d5d42e32fe9dd\COMCTL32.dll
0x00007ffbee480000 - 0x00007ffbee523000 	C:\Windows\System32\msvcp_win.dll
0x00007ffbefdc0000 - 0x00007ffbefe69000 	C:\Windows\System32\msvcrt.dll
0x00007ffbeec60000 - 0x00007ffbeec92000 	C:\Windows\System32\IMM32.DLL
0x00007ffbe49a0000 - 0x00007ffbe49ac000 	C:\Program Files\Apache NetBeans\jdk\bin\vcruntime140_1.dll
0x00007ffb9c8e0000 - 0x00007ffb9c96d000 	C:\Program Files\Apache NetBeans\jdk\bin\msvcp140.dll
0x00007ffb26af0000 - 0x00007ffb27a16000 	C:\Program Files\Apache NetBeans\jdk\bin\server\jvm.dll
0x00007ffbef200000 - 0x00007ffbef2b7000 	C:\Windows\System32\ADVAPI32.dll
0x00007ffbef740000 - 0x00007ffbef7ea000 	C:\Windows\System32\sechost.dll
0x00007ffbef910000 - 0x00007ffbefa28000 	C:\Windows\System32\RPCRT4.dll
0x00007ffbeef20000 - 0x00007ffbeefa0000 	C:\Windows\System32\WS2_32.dll
0x00007ffbe6e30000 - 0x00007ffbe6e3b000 	C:\Windows\SYSTEM32\VERSION.dll
0x00007ffbeaab0000 - 0x00007ffbeaae6000 	C:\Windows\SYSTEM32\WINMM.dll
0x00007ffbecba0000 - 0x00007ffbecbfe000 	C:\Windows\SYSTEM32\POWRPROF.dll
0x00007ffbecb80000 - 0x00007ffbecb94000 	C:\Windows\SYSTEM32\UMPDC.dll
0x00007ffbece60000 - 0x00007ffbece7b000 	C:\Windows\SYSTEM32\kernel.appcore.dll
0x00007ffbe41a0000 - 0x00007ffbe41aa000 	C:\Program Files\Apache NetBeans\jdk\bin\jimage.dll
0x00007ffbeb050000 - 0x00007ffbeb292000 	C:\Windows\SYSTEM32\DBGHELP.DLL
0x00007ffbefa30000 - 0x00007ffbefdb3000 	C:\Windows\System32\combase.dll
0x00007ffbeee40000 - 0x00007ffbeef19000 	C:\Windows\System32\OLEAUT32.dll
0x00007ffbb3010000 - 0x00007ffbb304b000 	C:\Windows\SYSTEM32\dbgcore.DLL
0x00007ffbee290000 - 0x00007ffbee33c000 	C:\Windows\System32\bcryptPrimitives.dll
0x00007ffbe3ef0000 - 0x00007ffbe3f0e000 	C:\Program Files\Apache NetBeans\jdk\bin\java.dll
0x00007ffbeeca0000 - 0x00007ffbeee39000 	C:\Windows\System32\ole32.dll
0x00007ffbf03d0000 - 0x00007ffbf0b62000 	C:\Windows\System32\SHELL32.dll
0x00007ffbebb40000 - 0x00007ffbec3d2000 	C:\Windows\SYSTEM32\windows.storage.dll
0x00007ffbef2c0000 - 0x00007ffbef3b7000 	C:\Windows\System32\SHCORE.dll
0x00007ffbeefb0000 - 0x00007ffbef017000 	C:\Windows\System32\shlwapi.dll
0x00007ffbedfc0000 - 0x00007ffbedfe9000 	C:\Windows\SYSTEM32\profapi.dll
0x00007ffbcfad0000 - 0x00007ffbcfae1000 	C:\Program Files\Apache NetBeans\jdk\bin\net.dll
0x00007ffbed3f0000 - 0x00007ffbed45c000 	C:\Windows\system32\mswsock.dll
0x00007ffbca3f0000 - 0x00007ffbca406000 	C:\Program Files\Apache NetBeans\jdk\bin\nio.dll
0x00007ffbd0d90000 - 0x00007ffbd0da7000 	C:\Program Files\Apache NetBeans\jdk\bin\zip.dll
0x00007ffb6fab0000 - 0x00007ffb6fc30000 	C:\Program Files\Apache NetBeans\jdk\bin\awt.dll
0x00007ffbe9fd0000 - 0x00007ffbea070000 	C:\Windows\SYSTEM32\apphelp.dll
0x00007ffbea7e0000 - 0x00007ffbea80f000 	C:\Windows\system32\DWMAPI.DLL
0x00007ffbea4d0000 - 0x00007ffbea579000 	C:\Windows\system32\uxtheme.dll
0x00007ffb6ab80000 - 0x00007ffb6ac8c000 	C:\Windows\system32\opengl32.dll
0x00007ffb72a40000 - 0x00007ffb72a6d000 	C:\Windows\SYSTEM32\GLU32.dll
0x00007ffbeb2a0000 - 0x00007ffbeb2e6000 	C:\Windows\SYSTEM32\dxcore.dll
0x00007ffbd9780000 - 0x00007ffbd98b3000 	C:\ProgramData\A-Volute\A-Volute.Nahimic\Modules\Scheduled\x64\AudioDevProps2.dll
0x00007ffbef400000 - 0x00007ffbef55d000 	C:\Windows\System32\MSCTF.dll

JVMTI agents: none

dbghelp: loaded successfully - version: 4.0.5 - missing functions: none
symbol engine: initialized successfully - sym options: 0x614 - pdb path: .;C:\Program Files\Apache NetBeans\jdk\bin;C:\Windows\SYSTEM32;C:\Windows\WinSxS\amd64_microsoft.windows.common-controls_6595b64144ccf1df_6.0.26100.8875_none_3e0d5d42e32fe9dd;C:\Program Files\Apache NetBeans\jdk\bin\server;C:\ProgramData\A-Volute\A-Volute.Nahimic\Modules\Scheduled\x64

VM Arguments:
jvm_args: -Dfile.encoding=UTF-8 
java_command: Skyline_tickets.Probarview
java_class_path (initial): C:\Users\juans\Desktop\Ultimo-Skyline-Tickets\jcommon-1.0.23.jar;C:\Users\juans\Desktop\Ultimo-Skyline-Tickets\jfreechart-1.0.19.jar;C:\Users\juans\Desktop\Ultimo-Skyline-Tickets\mysql-connector-j-8.0.32.jar;C:\Users\juans\Desktop\Ultimo-Skyline-Tickets\angus-activation-2.0.3.jar;C:\Users\juans\Desktop\Ultimo-Skyline-Tickets\jakarta.mail-2.0.5 (1).jar;C:\Users\juans\Desktop\Ultimo-Skyline-Tickets\jakarta.activation-api-2.1.3.jar;C:\Users\juans\Desktop\Ultimo-Skyline-Tickets\itextpdf-5.5.13.2.jar;C:\Users\juans\Desktop\Ultimo-Skyline-Tickets\jcalendar-1.4.jar;C:\Users\juans\Desktop\Ultimo-Skyline-Tickets\javase-3.5.4.jar;C:\Users\juans\Desktop\Ultimo-Skyline-Tickets\core-3.5.4.jar;C:\Users\juans\Desktop\Ultimo-Skyline-Tickets\bytes-1.6.1.jar;C:\Users\juans\Desktop\Ultimo-Skyline-Tickets\bcrypt-0.10.2.jar;C:\Users\juans\Descargas\bcrypt-0.10.2.jar;C:\Users\juans\Descargas\bytes-1.6.1.jar;C:\Users\juans\Desktop\Ultimo-Skyline-Tickets\build\classes
Launcher Type: SUN_STANDARD

[Global flags]
     intx CICompilerCount                          = 4                                         {product} {ergonomic}
     uint ConcGCThreads                            = 3                                         {product} {ergonomic}
     uint G1ConcRefinementThreads                  = 10                                        {product} {ergonomic}
   size_t G1HeapRegionSize                         = 1048576                                   {product} {ergonomic}
   size_t InitialHeapSize                          = 130023424                                 {product} {ergonomic}
   size_t MarkStackSize                            = 4194304                                   {product} {ergonomic}
   size_t MarkStackSizeMax                         = 536870912                                 {product} {ergonomic}
   size_t MaxHeapSize                              = 2076180480                                {product} {ergonomic}
   size_t MaxNewSize                               = 1245708288                                {product} {ergonomic}
   size_t MinHeapDeltaBytes                        = 1048576                                   {product} {ergonomic}
   size_t MinHeapSize                              = 8388608                                   {product} {ergonomic}
    uintx NonNMethodCodeHeapSize                   = 5832704                                {pd product} {ergonomic}
    uintx NonProfiledCodeHeapSize                  = 122945536                              {pd product} {ergonomic}
    uintx ProfiledCodeHeapSize                     = 122880000                              {pd product} {ergonomic}
    uintx ReservedCodeCacheSize                    = 251658240                              {pd product} {ergonomic}
     bool SegmentedCodeCache                       = true                                      {product} {ergonomic}
   size_t SoftMaxHeapSize                          = 2076180480                             {manageable} {ergonomic}
     bool UseCompressedOops                        = true                           {product lp64_product} {ergonomic}
     bool UseG1GC                                  = true                                      {product} {ergonomic}
     bool UseLargePagesIndividualAllocation        = false                                  {pd product} {ergonomic}

Logging:
Log output configuration:
 #0: stdout all=warning uptime,level,tags foldmultilines=false
 #1: stderr all=off uptime,level,tags foldmultilines=false

Release file:
IMPLEMENTOR="Eclipse Adoptium" 
IMPLEMENTOR_VERSION="Temurin-25.0.1+8" 
JAVA_RUNTIME_VERSION="25.0.1+8-LTS" 
JAVA_VERSION="25.0.1" 
JAVA_VERSION_DATE="2025-10-21" 
LIBC="default" 
MODULES="java.base java.compiler java.datatransfer java.xml java.prefs java.desktop java.instrument java.logging java.management java.security.sasl java.naming java.rmi java.management.rmi java.net.http java.scripting java.security.jgss java.transaction.xa java.sql java.sql.rowset java.xml.crypto java.se java.smartcardio jdk.accessibility jdk.internal.jvmstat jdk.attach jdk.charsets jdk.internal.opt jdk.zipfs jdk.compiler jdk.crypto.cryptoki jdk.crypto.ec jdk.crypto.mscapi jdk.dynalink jdk.internal.ed jdk.editpad jdk.internal.vm.ci jdk.graal.compiler jdk.graal.compiler.management jdk.hotspot.agent jdk.httpserver jdk.incubator.vector jdk.internal.le jdk.internal.md jdk.jartool jdk.javadoc jdk.jcmd jdk.management jdk.management.agent jdk.jconsole jdk.jdeps jdk.jdwp.agent jdk.jdi jdk.jfr jdk.jlink jdk.jpackage jdk.jshell jdk.jsobject jdk.jstatd jdk.localedata jdk.management.jfr jdk.naming.dns jdk.naming.rmi jdk.net jdk.nio.mapmode jdk.sctp jdk.security.auth jdk.security.jgss jdk.unsupported jdk.unsupported.desktop jdk.xml.dom" 
OS_ARCH="x86_64" 
OS_NAME="Windows" 
SOURCE=".:git:61d6a2c1b35e" 
BUILD_SOURCE="git:839fa0b45d809157cffd3dc8515aad262a4a1776"
BUILD_SOURCE_REPO="https://github.com/adoptium/temurin-build.git"
SOURCE_REPO="https://github.com/adoptium/jdk25u.git"
FULL_VERSION="25.0.1+8-LTS"
SEMANTIC_VERSION="25.0.1+8"
BUILD_INFO="OS: Windows Server 2022 Version: 10.0"
JVM_VARIANT="Hotspot"
JVM_VERSION="25.0.1+8-LTS"
IMAGE_TYPE="JDK"

Environment Variables:
PATH=C:\Program Files\Common Files\Oracle\Java\javapath;C:\Program Files (x86)\Common Files\Oracle\Java\java8path;C:\Program Files (x86)\Common Files\Oracle\Java\javapath;C:\Windows\system32;C:\Windows;C:\Windows\System32\Wbem;C:\Windows\System32\WindowsPowerShell\v1.0\;C:\Windows\System32\OpenSSH\;C:\Program Files\NVIDIA Corporation\NVIDIA App\NvDLISR;C:\Program Files\Git\cmd;C:\Program Files (x86)\NVIDIA Corporation\PhysX\Common;C:\Users\juans\AppData\Local\Programs\Python\Python314\Scripts\;C:\Users\juans\AppData\Local\Programs\Python\Python314\;C:\Users\juans\AppData\Local\Microsoft\WindowsApps;C:\Users\juans\AppData\Local\Programs\Microsoft VS Code\bin
USERNAME=juans
OS=Windows_NT
PROCESSOR_IDENTIFIER=Intel64 Family 6 Model 151 Stepping 2, GenuineIntel
TMP=C:\Users\juans\AppData\Local\Temp
TEMP=C:\Users\juans\AppData\Local\Temp




Compilation memory statistics disabled.

Periodic native trim disabled

---------------  S Y S T E M  ---------------

OS:
 Windows 11 , 64 bit Build 26100 (10.0.26100.8875)
OS uptime: 3 days 3:08 hours
Hyper-V role detected

CPU: total 12 (initial active 12) (6 cores per cpu, 2 threads per core) family 6 model 151 stepping 2 microcode 0x3a, cx8, cmov, fxsr, ht, mmx, 3dnowpref, sse, sse2, sse3, ssse3, sse4.1, sse4.2, popcnt, lzcnt, tsc, tscinvbit, avx, avx2, aes, erms, clmul, bmi1, bmi2, adx, sha, fma, vzeroupper, clflush, clflushopt, clwb, hv, serialize, rdtscp, rdpid, fsrm, gfni, f16c, cet_ibt, cet_ss
Processor Information for processor 0
  Max Mhz: 2400, Current Mhz: 2400, Mhz Limit: 2400
Processor Information for processor 1
  Max Mhz: 2400, Current Mhz: 2400, Mhz Limit: 2400
Processor Information for processor 2
  Max Mhz: 2400, Current Mhz: 2400, Mhz Limit: 2400
Processor Information for processor 3
  Max Mhz: 2400, Current Mhz: 2400, Mhz Limit: 2400
Processor Information for processor 4
  Max Mhz: 2400, Current Mhz: 2400, Mhz Limit: 2400
Processor Information for processor 5
  Max Mhz: 2400, Current Mhz: 2400, Mhz Limit: 2400
Processor Information for processor 6
  Max Mhz: 2400, Current Mhz: 2400, Mhz Limit: 2400
Processor Information for processor 7
  Max Mhz: 2400, Current Mhz: 2400, Mhz Limit: 2400
Processor Information for processor 8
  Max Mhz: 2400, Current Mhz: 1800, Mhz Limit: 1800
Processor Information for processor 9
  Max Mhz: 2400, Current Mhz: 1800, Mhz Limit: 1800
Processor Information for processor 10
  Max Mhz: 2400, Current Mhz: 1800, Mhz Limit: 1800
Processor Information for processor 11
  Max Mhz: 2400, Current Mhz: 1800, Mhz Limit: 1800

Memory: 4k page, system-wide physical 7915M (643M free)
TotalPageFile size 32491M (AvailPageFile size 96M)
current process WorkingSet (physical memory assigned to process): 69M, peak: 69M
current process commit charge ("private bytes"): 219M, peak: 221M

vm_info: OpenJDK 64-Bit Server VM (25.0.1+8-LTS) for windows-amd64 JRE (25.0.1+8-LTS), built on 2025-10-21T00:00:00Z with unknown MS VC++:1942

END.
